18:59:44.549 [tid 29012] i2c_hook loaded
18:59:44.600 [tid 29920] hook DeviceIoControl at 76E3AAE0: MH_OK
18:59:44.656 [tid 29920] hook CreateFileW at 76E1E250: MH_OK
18:59:44.704 [tid 29920] hook CreateFileA at 76E3DAC0: MH_OK
18:59:44.704 [tid 29920] nvapi.dll at 5AFE0000, nvapi_QueryInterface=5B0C2B90
18:59:44.704 [tid 29920] hook NvAPI_I2CRead: target not found
18:59:44.751 [tid 29920] hook NvAPI_I2CWrite at 5B167560: MH_OK
18:59:44.815 [tid 29920] hook NvAPI_I2CReadEx at 5B167340: MH_OK
18:59:44.863 [tid 29920] hook NvAPI_I2CWriteEx at 5B167700: MH_OK
18:59:44.863 [tid 29920] ready
19:01:54.529 [tid 29328] READEX   gpu=00000A00 v3 port=1 portSet=1 ddc=0 addr=0x54(7bit 0x2A) disp=0x0 speedKhz=4 reg[1]=40 len=1 data=02 -> status 0
19:01:54.529 [tid 29328] READEX   gpu=00000A00 v3 port=1 portSet=1 ddc=0 addr=0x54(7bit 0x2A) disp=0x0 speedKhz=4 reg[1]=41 len=1 data=FF -> status 0
19:01:54.529 [tid 29328] WRITEEX  gpu=00000A00 v3 port=1 portSet=1 ddc=0 addr=0x54(7bit 0x2A) disp=0x0 speedKhz=4 reg[1]=41 len=1 data=5F
19:01:54.529 [tid 29328] WRITEEX -> status 0
19:01:57.552 [tid 29328] READEX   gpu=00000A00 v3 port=1 portSet=1 ddc=0 addr=0x54(7bit 0x2A) disp=0x0 speedKhz=4 reg[1]=40 len=1 data=02 -> status 0
19:01:57.552 [tid 29328] READEX   gpu=00000A00 v3 port=1 portSet=1 ddc=0 addr=0x54(7bit 0x2A) disp=0x0 speedKhz=4 reg[1]=41 len=1 data=5F -> status 0
19:01:57.552 [tid 29328] WRITEEX  gpu=00000A00 v3 port=1 portSet=1 ddc=0 addr=0x54(7bit 0x2A) disp=0x0 speedKhz=4 reg[1]=41 len=1 data=5F
19:01:57.552 [tid 29328] WRITEEX -> status 0
19:01:58.555 [tid 29328] READEX   gpu=00000A00 v3 port=1 portSet=1 ddc=0 addr=0x54(7bit 0x2A) disp=0x0 speedKhz=4 reg[1]=40 len=1 data=02 -> status 0
19:01:58.556 [tid 29328] READEX   gpu=00000A00 v3 port=1 portSet=1 ddc=0 addr=0x54(7bit 0x2A) disp=0x0 speedKhz=4 reg[1]=41 len=1 data=5F -> status 0
19:01:58.556 [tid 29328] WRITEEX  gpu=00000A00 v3 port=1 portSet=1 ddc=0 addr=0x54(7bit 0x2A) disp=0x0 speedKhz=4 reg[1]=41 len=1 data=61
19:01:58.557 [tid 29328] WRITEEX -> status 0
19:02:06.636 [tid 29328] WRITEEX  gpu=00000A00 v3 port=1 portSet=1 ddc=0 addr=0x54(7bit 0x2A) disp=0x0 speedKhz=4 reg[1]=40 len=1 data=00
19:02:06.636 [tid 29328] WRITEEX -> status 0
19:02:21.780 [tid 29328] READEX   gpu=00000A00 v3 port=1 portSet=1 ddc=0 addr=0x54(7bit 0x2A) disp=0x0 speedKhz=4 reg[1]=40 len=1 data=00 -> status 0
19:02:21.780 [tid 29328] WRITEEX  gpu=00000A00 v3 port=1 portSet=1 ddc=0 addr=0x54(7bit 0x2A) disp=0x0 speedKhz=4 reg[1]=40 len=1 data=02
19:02:21.780 [tid 29328] WRITEEX -> status 0
19:02:22.288 [tid 29328] READEX   gpu=00000A00 v3 port=1 portSet=1 ddc=0 addr=0x54(7bit 0x2A) disp=0x0 speedKhz=4 reg[1]=41 len=1 data=00 -> status 0
19:02:22.288 [tid 29328] READEX   gpu=00000A00 v3 port=1 portSet=1 ddc=0 addr=0x54(7bit 0x2A) disp=0x0 speedKhz=4 reg[1]=45 len=1 data=01 -> status 0
19:02:22.288 [tid 29328] WRITEEX  gpu=00000A00 v3 port=1 portSet=1 ddc=0 addr=0x54(7bit 0x2A) disp=0x0 speedKhz=4 reg[1]=43 len=1 data=01
19:02:22.288 [tid 29328] WRITEEX -> status 0
19:02:22.288 [tid 29328] READEX   gpu=00000A00 v3 port=1 portSet=1 ddc=0 addr=0x54(7bit 0x2A) disp=0x0 speedKhz=4 reg[1]=49 len=1 data=01 -> status 0
19:02:22.288 [tid 29328] WRITEEX  gpu=00000A00 v3 port=1 portSet=1 ddc=0 addr=0x54(7bit 0x2A) disp=0x0 speedKhz=4 reg[1]=47 len=1 data=01
19:02:22.288 [tid 29328] WRITEEX -> status 0
19:02:22.288 [tid 29328] WRITEEX  gpu=00000A00 v3 port=1 portSet=1 ddc=0 addr=0x54(7bit 0x2A) disp=0x0 speedKhz=4 reg[1]=41 len=1 data=5F
19:02:22.288 [tid 29328] WRITEEX -> status 0
19:02:23.289 [tid 29328] READEX   gpu=00000A00 v3 port=1 portSet=1 ddc=0 addr=0x54(7bit 0x2A) disp=0x0 speedKhz=4 reg[1]=40 len=1 data=02 -> status 0
19:02:23.289 [tid 29328] READEX   gpu=00000A00 v3 port=1 portSet=1 ddc=0 addr=0x54(7bit 0x2A) disp=0x0 speedKhz=4 reg[1]=41 len=1 data=5F -> status 0
19:02:23.289 [tid 29328] WRITEEX  gpu=00000A00 v3 port=1 portSet=1 ddc=0 addr=0x54(7bit 0x2A) disp=0x0 speedKhz=4 reg[1]=41 len=1 data=5F
19:02:23.289 [tid 29328] WRITEEX -> status 0
19:02:24.290 [tid 29328] READEX   gpu=00000A00 v3 port=1 portSet=1 ddc=0 addr=0x54(7bit 0x2A) disp=0x0 speedKhz=4 reg[1]=40 len=1 data=02 -> status 0
19:02:24.290 [tid 29328] READEX   gpu=00000A00 v3 port=1 portSet=1 ddc=0 addr=0x54(7bit 0x2A) disp=0x0 speedKhz=4 reg[1]=41 len=1 data=5F -> status 0
19:02:24.290 [tid 29328] WRITEEX  gpu=00000A00 v3 port=1 portSet=1 ddc=0 addr=0x54(7bit 0x2A) disp=0x0 speedKhz=4 reg[1]=41 len=1 data=5F
19:02:24.290 [tid 29328] WRITEEX -> status 0
19:02:25.291 [tid 29328] READEX   gpu=00000A00 v3 port=1 portSet=1 ddc=0 addr=0x54(7bit 0x2A) disp=0x0 speedKhz=4 reg[1]=40 len=1 data=02 -> status 0
19:02:25.294 [tid 29328] READEX   gpu=00000A00 v3 port=1 portSet=1 ddc=0 addr=0x54(7bit 0x2A) disp=0x0 speedKhz=4 reg[1]=41 len=1 data=5F -> status 0
19:02:25.294 [tid 29328] WRITEEX  gpu=00000A00 v3 port=1 portSet=1 ddc=0 addr=0x54(7bit 0x2A) disp=0x0 speedKhz=4 reg[1]=41 len=1 data=61
19:02:25.295 [tid 29328] WRITEEX -> status 0
19:02:26.309 [tid 29328] READEX   gpu=00000A00 v3 port=1 portSet=1 ddc=0 addr=0x54(7bit 0x2A) disp=0x0 speedKhz=4 reg[1]=40 len=1 data=02 -> status 0
19:02:26.309 [tid 29328] READEX   gpu=00000A00 v3 port=1 portSet=1 ddc=0 addr=0x54(7bit 0x2A) disp=0x0 speedKhz=4 reg[1]=41 len=1 data=61 -> status 0
19:02:26.309 [tid 29328] WRITEEX  gpu=00000A00 v3 port=1 portSet=1 ddc=0 addr=0x54(7bit 0x2A) disp=0x0 speedKhz=4 reg[1]=41 len=1 data=61
19:02:26.312 [tid 29328] WRITEEX -> status 0
19:02:27.313 [tid 29328] READEX   gpu=00000A00 v3 port=1 portSet=1 ddc=0 addr=0x54(7bit 0x2A) disp=0x0 speedKhz=4 reg[1]=40 len=1 data=02 -> status 0
19:02:27.315 [tid 29328] READEX   gpu=00000A00 v3 port=1 portSet=1 ddc=0 addr=0x54(7bit 0x2A) disp=0x0 speedKhz=4 reg[1]=41 len=1 data=61 -> status 0
19:02:27.315 [tid 29328] WRITEEX  gpu=00000A00 v3 port=1 portSet=1 ddc=0 addr=0x54(7bit 0x2A) disp=0x0 speedKhz=4 reg[1]=41 len=1 data=61
19:02:27.315 [tid 29328] WRITEEX -> status 0
19:02:51.508 [tid 29328] READEX   gpu=00000A00 v3 port=1 portSet=1 ddc=0 addr=0x54(7bit 0x2A) disp=0x0 speedKhz=4 reg[1]=40 len=1 data=02 -> status 0
19:02:51.509 [tid 29328] READEX   gpu=00000A00 v3 port=1 portSet=1 ddc=0 addr=0x54(7bit 0x2A) disp=0x0 speedKhz=4 reg[1]=41 len=1 data=61 -> status 0
19:02:51.509 [tid 29328] WRITEEX  gpu=00000A00 v3 port=1 portSet=1 ddc=0 addr=0x54(7bit 0x2A) disp=0x0 speedKhz=4 reg[1]=41 len=1 data=61
19:02:51.510 [tid 29328] WRITEEX -> status 0
19:02:52.517 [tid 29328] READEX   gpu=00000A00 v3 port=1 portSet=1 ddc=0 addr=0x54(7bit 0x2A) disp=0x0 speedKhz=4 reg[1]=40 len=1 data=02 -> status 0
19:02:52.519 [tid 29328] READEX   gpu=00000A00 v3 port=1 portSet=1 ddc=0 addr=0x54(7bit 0x2A) disp=0x0 speedKhz=4 reg[1]=41 len=1 data=61 -> status 0
19:02:52.519 [tid 29328] WRITEEX  gpu=00000A00 v3 port=1 portSet=1 ddc=0 addr=0x54(7bit 0x2A) disp=0x0 speedKhz=4 reg[1]=41 len=1 data=61
19:02:52.521 [tid 29328] WRITEEX -> status 0
19:02:53.530 [tid 29328] READEX   gpu=00000A00 v3 port=1 portSet=1 ddc=0 addr=0x54(7bit 0x2A) disp=0x0 speedKhz=4 reg[1]=40 len=1 data=02 -> status 0
19:02:53.530 [tid 29328] READEX   gpu=00000A00 v3 port=1 portSet=1 ddc=0 addr=0x54(7bit 0x2A) disp=0x0 speedKhz=4 reg[1]=41 len=1 data=61 -> status 0
19:02:53.530 [tid 29328] WRITEEX  gpu=00000A00 v3 port=1 portSet=1 ddc=0 addr=0x54(7bit 0x2A) disp=0x0 speedKhz=4 reg[1]=41 len=1 data=61
19:02:53.530 [tid 29328] WRITEEX -> status 0
